<!DOCTYPE html PUBLIC "-//W3C//DTD XHTML 1.0 Transitional//EN" "http://www.w3.org/TR/xhtml1/DTD/xhtml1-transitional.dtd"><html xmlns="http://www.w3.org/1999/xhtml"><head><link rel="stylesheet" type="text/css" href="style.css" /><script type="text/javascript" src="highlight.js"></script></head><body><pre><span class="hs-pragma">{-# LANGUAGE FlexibleContexts #-}</span><span>
</span><a name="line-2"></a><span class="hs-pragma">{-# LANGUAGE OverloadedStrings #-}</span><span>
</span><a name="line-3"></a><span class="hs-pragma">{-# LANGUAGE ScopedTypeVariables #-}</span><span>
</span><a name="line-4"></a><span>
</span><a name="line-5"></a><span class="hs-comment">-- | Helper functions for use in golden testing of datatypes</span><span>
</span><a name="line-6"></a><span>
</span><a name="line-7"></a><span class="hs-keyword">module</span><span> </span><span class="hs-identifier">Test.Cardano.Prelude.Golden</span><span>
</span><a name="line-8"></a><span>  </span><span class="hs-special">(</span><span> </span><a href="Test.Cardano.Prelude.Golden.html#discoverGolden"><span class="hs-identifier hs-var">discoverGolden</span></a><span>
</span><a name="line-9"></a><span>  </span><span class="hs-special">,</span><span> </span><a href="Test.Cardano.Prelude.Golden.html#eachOf"><span class="hs-identifier hs-var">eachOf</span></a><span>
</span><a name="line-10"></a><span>  </span><span class="hs-special">,</span><span> </span><a href="Test.Cardano.Prelude.Golden.html#goldenTestCanonicalJSONDec"><span class="hs-identifier hs-var">goldenTestCanonicalJSONDec</span></a><span>
</span><a name="line-11"></a><span>  </span><span class="hs-special">,</span><span> </span><a href="Test.Cardano.Prelude.Golden.html#goldenTestJSONDec"><span class="hs-identifier hs-var">goldenTestJSONDec</span></a><span>
</span><a name="line-12"></a><span>  </span><span class="hs-special">,</span><span> </span><a href="Test.Cardano.Prelude.Golden.html#goldenTestJSON"><span class="hs-identifier hs-var">goldenTestJSON</span></a><span>
</span><a name="line-13"></a><span>  </span><span class="hs-special">,</span><span> </span><a href="Test.Cardano.Prelude.Golden.html#goldenTestJSONPretty"><span class="hs-identifier hs-var">goldenTestJSONPretty</span></a><span>
</span><a name="line-14"></a><span>  </span><span class="hs-special">,</span><span> </span><a href="Test.Cardano.Prelude.Golden.html#getText"><span class="hs-identifier hs-var">getText</span></a><span>
</span><a name="line-15"></a><span>  </span><span class="hs-special">)</span><span>
</span><a name="line-16"></a><span class="hs-keyword">where</span><span>
</span><a name="line-17"></a><span>
</span><a name="line-18"></a><span class="hs-keyword">import</span><span> </span><a href="file:///__w/ouroboros-network/ouroboros-network/dist-newstyle/build/x86_64-linux/ghc-8.6.5/cardano-prelude-0.1.0.0/noopt/doc/html/cardano-prelude/src/Cardano.Prelude.html"><span class="hs-identifier">Cardano.Prelude</span></a><span>
</span><a name="line-19"></a><span>
</span><a name="line-20"></a><span class="hs-keyword">import</span><span> </span><span class="hs-identifier">Data.Aeson</span><span> </span><span class="hs-special">(</span><span class="hs-identifier hs-type">FromJSON</span><span class="hs-special">,</span><span> </span><span class="hs-identifier hs-type">ToJSON</span><span class="hs-special">,</span><span> </span><span class="hs-identifier hs-var">eitherDecode</span><span class="hs-special">,</span><span> </span><span class="hs-identifier hs-var">encode</span><span class="hs-special">)</span><span>
</span><a name="line-21"></a><span class="hs-keyword">import</span><span> </span><span class="hs-identifier">Data.Aeson.Encode.Pretty</span><span>
</span><a name="line-22"></a><span>  </span><span class="hs-special">(</span><span class="hs-identifier hs-type">Config</span><span class="hs-special">(</span><span class="hs-glyph">..</span><span class="hs-special">)</span><span class="hs-special">,</span><span> </span><span class="hs-identifier hs-type">Indent</span><span class="hs-special">(</span><span class="hs-glyph">..</span><span class="hs-special">)</span><span class="hs-special">,</span><span> </span><span class="hs-identifier hs-type">NumberFormat</span><span class="hs-special">(</span><span class="hs-glyph">..</span><span class="hs-special">)</span><span class="hs-special">,</span><span> </span><span class="hs-identifier hs-var">encodePretty'</span><span class="hs-special">,</span><span> </span><span class="hs-identifier hs-var">keyOrder</span><span class="hs-special">)</span><span>
</span><a name="line-23"></a><span class="hs-keyword">import</span><span> </span><span class="hs-keyword">qualified</span><span> </span><span class="hs-identifier">Data.ByteString.Lazy</span><span> </span><span class="hs-keyword">as</span><span> </span><span class="hs-identifier">LB</span><span>
</span><a name="line-24"></a><span class="hs-keyword">import</span><span> </span><span class="hs-keyword">qualified</span><span> </span><span class="hs-identifier">Data.Text</span><span> </span><span class="hs-keyword">as</span><span> </span><span class="hs-identifier">T</span><span>
</span><a name="line-25"></a><span class="hs-keyword">import</span><span> </span><span class="hs-keyword">qualified</span><span> </span><span class="hs-identifier">Data.Text.Lazy</span><span> </span><span class="hs-keyword">as</span><span> </span><span class="hs-identifier">LT</span><span>
</span><a name="line-26"></a><span class="hs-keyword">import</span><span> </span><span class="hs-identifier">Data.Text.Lazy.Builder</span><span> </span><span class="hs-special">(</span><span class="hs-identifier hs-var">toLazyText</span><span class="hs-special">)</span><span>
</span><a name="line-27"></a><span class="hs-keyword">import</span><span> </span><span class="hs-identifier">Formatting.Buildable</span><span> </span><span class="hs-special">(</span><span class="hs-identifier hs-var">build</span><span class="hs-special">)</span><span>
</span><a name="line-28"></a><span class="hs-keyword">import</span><span> </span><span class="hs-keyword">qualified</span><span> </span><span class="hs-identifier">Text.JSON.Canonical</span><span> </span><span class="hs-keyword">as</span><span> </span><span class="hs-identifier">Canonical</span><span>
</span><a name="line-29"></a><span>
</span><a name="line-30"></a><span class="hs-keyword">import</span><span> </span><span class="hs-identifier">Hedgehog</span><span>
</span><a name="line-31"></a><span>  </span><span class="hs-special">(</span><span> </span><span class="hs-identifier hs-type">Gen</span><span>
</span><a name="line-32"></a><span>  </span><span class="hs-special">,</span><span> </span><span class="hs-identifier hs-type">Group</span><span>
</span><a name="line-33"></a><span>  </span><span class="hs-special">,</span><span> </span><span class="hs-identifier hs-type">Property</span><span>
</span><a name="line-34"></a><span>  </span><span class="hs-special">,</span><span> </span><span class="hs-identifier hs-type">PropertyT</span><span>
</span><a name="line-35"></a><span>  </span><span class="hs-special">,</span><span> </span><span class="hs-identifier hs-type">TestLimit</span><span>
</span><a name="line-36"></a><span>  </span><span class="hs-special">,</span><span> </span><span class="hs-identifier hs-var">discoverPrefix</span><span>
</span><a name="line-37"></a><span>  </span><span class="hs-special">,</span><span> </span><span class="hs-identifier hs-var">forAll</span><span>
</span><a name="line-38"></a><span>  </span><span class="hs-special">,</span><span> </span><span class="hs-identifier hs-var">property</span><span>
</span><a name="line-39"></a><span>  </span><span class="hs-special">,</span><span> </span><span class="hs-identifier hs-var">withTests</span><span>
</span><a name="line-40"></a><span>  </span><span class="hs-special">,</span><span> </span><span class="hs-special">(</span><span class="hs-operator hs-var">===</span><span class="hs-special">)</span><span>
</span><a name="line-41"></a><span>  </span><span class="hs-special">)</span><span>
</span><a name="line-42"></a><span class="hs-keyword">import</span><span> </span><span class="hs-identifier">Hedgehog.Internal.Property</span><span> </span><span class="hs-special">(</span><span class="hs-identifier hs-var">failWith</span><span class="hs-special">)</span><span>
</span><a name="line-43"></a><span class="hs-keyword">import</span><span> </span><span class="hs-identifier">Hedgehog.Internal.TH</span><span> </span><span class="hs-special">(</span><span class="hs-identifier hs-type">TExpQ</span><span class="hs-special">)</span><span>
</span><a name="line-44"></a><span>
</span><a name="line-45"></a><span>
</span><a name="line-46"></a><span class="hs-identifier">discoverGolden</span><span> </span><span class="hs-glyph">::</span><span> </span><span class="hs-identifier hs-type">TExpQ</span><span> </span><span class="hs-identifier hs-type">Group</span><span>
</span><a name="line-47"></a><a name="discoverGolden"><a href="Test.Cardano.Prelude.Golden.html#discoverGolden"><span class="hs-identifier">discoverGolden</span></a></a><span> </span><span class="hs-glyph">=</span><span> </span><span class="hs-identifier hs-var">discoverPrefix</span><span> </span><span class="hs-string">&quot;golden&quot;</span><span>
</span><a name="line-48"></a><span>
</span><a name="line-49"></a><span class="hs-comment">-- | Check that @eachOf@ @testLimit@ generated @things@ @hasProperty@</span><span>
</span><a name="line-50"></a><span class="hs-identifier">eachOf</span><span>
</span><a name="line-51"></a><span>  </span><span class="hs-glyph">::</span><span> </span><span class="hs-special">(</span><span class="hs-identifier hs-type">Show</span><span> </span><a href="#local-6989586621679088874"><span class="hs-identifier hs-type">a</span></a><span class="hs-special">,</span><span> </span><span class="hs-identifier hs-type">HasCallStack</span><span class="hs-special">)</span><span>
</span><a name="line-52"></a><span>  </span><span class="hs-glyph">=&gt;</span><span> </span><span class="hs-identifier hs-type">TestLimit</span><span>
</span><a name="line-53"></a><span>  </span><span class="hs-glyph">-&gt;</span><span> </span><span class="hs-identifier hs-type">Gen</span><span> </span><a href="#local-6989586621679088874"><span class="hs-identifier hs-type">a</span></a><span>
</span><a name="line-54"></a><span>  </span><span class="hs-glyph">-&gt;</span><span> </span><span class="hs-special">(</span><a href="#local-6989586621679088874"><span class="hs-identifier hs-type">a</span></a><span> </span><span class="hs-glyph">-&gt;</span><span> </span><span class="hs-identifier hs-type">PropertyT</span><span> </span><span class="hs-identifier hs-type">IO</span><span> </span><span class="hs-special">(</span><span class="hs-special">)</span><span class="hs-special">)</span><span>
</span><a name="line-55"></a><span>  </span><span class="hs-glyph">-&gt;</span><span> </span><span class="hs-identifier hs-type">Property</span><span>
</span><a name="line-56"></a><a name="eachOf"><a href="Test.Cardano.Prelude.Golden.html#eachOf"><span class="hs-identifier">eachOf</span></a></a><span> </span><a name="local-6989586621679088875"><a href="#local-6989586621679088875"><span class="hs-identifier">testLimit</span></a></a><span> </span><a name="local-6989586621679088876"><a href="#local-6989586621679088876"><span class="hs-identifier">things</span></a></a><span> </span><a name="local-6989586621679088877"><a href="#local-6989586621679088877"><span class="hs-identifier">hasProperty</span></a></a><span> </span><span class="hs-glyph">=</span><span>
</span><a name="line-57"></a><span>  </span><span class="hs-identifier hs-var">withFrozenCallStack</span><span>
</span><a name="line-58"></a><span>    </span><span class="hs-operator hs-var">$</span><span>   </span><span class="hs-identifier hs-var">withTests</span><span> </span><a href="#local-6989586621679088875"><span class="hs-identifier hs-var">testLimit</span></a><span>
</span><a name="line-59"></a><span>    </span><span class="hs-operator hs-var">.</span><span>   </span><span class="hs-identifier hs-var">property</span><span>
</span><a name="line-60"></a><span>    </span><span class="hs-operator hs-var">$</span><span>   </span><span class="hs-identifier hs-var">forAll</span><span> </span><a href="#local-6989586621679088876"><span class="hs-identifier hs-var">things</span></a><span>
</span><a name="line-61"></a><span>    </span><span class="hs-operator hs-var">&gt;&gt;=</span><span> </span><a href="#local-6989586621679088877"><span class="hs-identifier hs-var">hasProperty</span></a><span>
</span><a name="line-62"></a><span>
</span><a name="line-63"></a><span class="hs-comment">-- | Check that Canonical JSON decodes to the datatype</span><span>
</span><a name="line-64"></a><span class="hs-identifier">goldenTestCanonicalJSONDec</span><span>
</span><a name="line-65"></a><span>  </span><span class="hs-glyph">::</span><span> </span><span class="hs-special">(</span><span class="hs-identifier hs-type">Eq</span><span> </span><a href="#local-6989586621679088458"><span class="hs-identifier hs-type">a</span></a><span class="hs-special">,</span><span> </span><span class="hs-identifier hs-type">Canonical.FromJSON</span><span> </span><span class="hs-special">(</span><span class="hs-identifier hs-type">Either</span><span> </span><a href="file:///__w/ouroboros-network/ouroboros-network/dist-newstyle/build/x86_64-linux/ghc-8.6.5/cardano-prelude-0.1.0.0/noopt/doc/html/cardano-prelude/src/Cardano.Prelude.Json.Canonical.html#SchemaError"><span class="hs-identifier hs-type">SchemaError</span></a><span class="hs-special">)</span><span> </span><a href="#local-6989586621679088458"><span class="hs-identifier hs-type">a</span></a><span class="hs-special">,</span><span> </span><span class="hs-identifier hs-type">HasCallStack</span><span class="hs-special">,</span><span> </span><span class="hs-identifier hs-type">Show</span><span> </span><a href="#local-6989586621679088458"><span class="hs-identifier hs-type">a</span></a><span class="hs-special">)</span><span>
</span><a name="line-66"></a><span>  </span><span class="hs-glyph">=&gt;</span><span> </span><a href="#local-6989586621679088458"><span class="hs-identifier hs-type">a</span></a><span>
</span><a name="line-67"></a><span>  </span><span class="hs-glyph">-&gt;</span><span> </span><span class="hs-identifier hs-type">FilePath</span><span>
</span><a name="line-68"></a><span>  </span><span class="hs-glyph">-&gt;</span><span> </span><span class="hs-identifier hs-type">Property</span><span>
</span><a name="line-69"></a><a name="goldenTestCanonicalJSONDec"><a href="Test.Cardano.Prelude.Golden.html#goldenTestCanonicalJSONDec"><span class="hs-identifier">goldenTestCanonicalJSONDec</span></a></a><span> </span><a name="local-6989586621679088899"><a href="#local-6989586621679088899"><span class="hs-identifier">x</span></a></a><span> </span><a name="local-6989586621679088900"><a href="#local-6989586621679088900"><span class="hs-identifier">path</span></a></a><span> </span><span class="hs-glyph">=</span><span> </span><span class="hs-identifier hs-var">withFrozenCallStack</span><span> </span><span class="hs-operator hs-var">$</span><span> </span><span class="hs-keyword">do</span><span>
</span><a name="line-70"></a><span>  </span><span class="hs-identifier hs-var">withTests</span><span> </span><span class="hs-number">1</span><span> </span><span class="hs-operator hs-var">.</span><span> </span><span class="hs-identifier hs-var">property</span><span> </span><span class="hs-operator hs-var">$</span><span> </span><span class="hs-keyword">do</span><span>
</span><a name="line-71"></a><span>    </span><a name="local-6989586621679088923"><a href="#local-6989586621679088923"><span class="hs-identifier">bs</span></a></a><span> </span><span class="hs-glyph">&lt;-</span><span> </span><span class="hs-identifier hs-var">liftIO</span><span> </span><span class="hs-special">(</span><span class="hs-identifier hs-var">LB.readFile</span><span> </span><a href="#local-6989586621679088900"><span class="hs-identifier hs-var">path</span></a><span class="hs-special">)</span><span>
</span><a name="line-72"></a><span>    </span><span class="hs-keyword">case</span><span> </span><span class="hs-identifier hs-var">Canonical.parseCanonicalJSON</span><span> </span><a href="#local-6989586621679088923"><span class="hs-identifier hs-var">bs</span></a><span> </span><span class="hs-keyword">of</span><span>
</span><a name="line-73"></a><span>      </span><span class="hs-identifier hs-var">Left</span><span>  </span><a name="local-6989586621679088970"><a href="#local-6989586621679088970"><span class="hs-identifier">err</span></a></a><span> </span><span class="hs-glyph">-&gt;</span><span> </span><span class="hs-identifier hs-var">failWith</span><span> </span><span class="hs-identifier hs-var">Nothing</span><span> </span><span class="hs-operator hs-var">$</span><span> </span><span class="hs-string">&quot;could not parse: &quot;</span><span> </span><span class="hs-operator hs-var">&lt;&gt;</span><span> </span><span class="hs-identifier hs-var">show</span><span> </span><a href="#local-6989586621679088970"><span class="hs-identifier hs-var">err</span></a><span>
</span><a name="line-74"></a><span>      </span><span class="hs-identifier hs-var">Right</span><span> </span><a name="local-6989586621679089027"><a href="#local-6989586621679089027"><span class="hs-identifier">jsv</span></a></a><span> </span><span class="hs-glyph">-&gt;</span><span> </span><span class="hs-keyword">case</span><span> </span><span class="hs-identifier hs-var">Canonical.fromJSON</span><span> </span><a href="#local-6989586621679089027"><span class="hs-identifier hs-var">jsv</span></a><span> </span><span class="hs-keyword">of</span><span>
</span><a name="line-75"></a><span>        </span><span class="hs-identifier hs-var">Left</span><span> </span><span class="hs-special">(</span><a name="local-6989586621679089028"><a href="#local-6989586621679089028"><span class="hs-identifier">schErr</span></a></a><span> </span><span class="hs-glyph">::</span><span> </span><a href="file:///__w/ouroboros-network/ouroboros-network/dist-newstyle/build/x86_64-linux/ghc-8.6.5/cardano-prelude-0.1.0.0/noopt/doc/html/cardano-prelude/src/Cardano.Prelude.Json.Canonical.html#SchemaError"><span class="hs-identifier hs-type">SchemaError</span></a><span class="hs-special">)</span><span> </span><span class="hs-glyph">-&gt;</span><span>
</span><a name="line-76"></a><span>          </span><span class="hs-identifier hs-var">failWith</span><span> </span><span class="hs-identifier hs-var">Nothing</span><span> </span><span class="hs-operator hs-var">$</span><span> </span><span class="hs-identifier hs-var">LT.unpack</span><span> </span><span class="hs-operator hs-var">$</span><span> </span><span class="hs-identifier hs-var">toLazyText</span><span> </span><span class="hs-operator hs-var">$</span><span> </span><span class="hs-identifier hs-var">build</span><span> </span><a href="#local-6989586621679089028"><span class="hs-identifier hs-var">schErr</span></a><span>
</span><a name="line-77"></a><span>        </span><span class="hs-identifier hs-var">Right</span><span> </span><a name="local-6989586621679089130"><a href="#local-6989586621679089130"><span class="hs-identifier">x'</span></a></a><span> </span><span class="hs-glyph">-&gt;</span><span> </span><a href="#local-6989586621679088899"><span class="hs-identifier hs-var">x</span></a><span> </span><span class="hs-operator hs-var">===</span><span> </span><a href="#local-6989586621679089130"><span class="hs-identifier hs-var">x'</span></a><span>
</span><a name="line-78"></a><span>
</span><a name="line-79"></a><span class="hs-comment">-- | Only check that the datatype equals the decoding of the file</span><span>
</span><a name="line-80"></a><span class="hs-identifier">goldenTestJSONDec</span><span>
</span><a name="line-81"></a><span>  </span><span class="hs-glyph">::</span><span> </span><span class="hs-special">(</span><span class="hs-identifier hs-type">Eq</span><span> </span><a href="#local-6989586621679088457"><span class="hs-identifier hs-type">a</span></a><span class="hs-special">,</span><span> </span><span class="hs-identifier hs-type">FromJSON</span><span> </span><a href="#local-6989586621679088457"><span class="hs-identifier hs-type">a</span></a><span class="hs-special">,</span><span> </span><span class="hs-identifier hs-type">HasCallStack</span><span class="hs-special">,</span><span> </span><span class="hs-identifier hs-type">Show</span><span> </span><a href="#local-6989586621679088457"><span class="hs-identifier hs-type">a</span></a><span class="hs-special">)</span><span> </span><span class="hs-glyph">=&gt;</span><span> </span><a href="#local-6989586621679088457"><span class="hs-identifier hs-type">a</span></a><span> </span><span class="hs-glyph">-&gt;</span><span> </span><span class="hs-identifier hs-type">FilePath</span><span> </span><span class="hs-glyph">-&gt;</span><span> </span><span class="hs-identifier hs-type">Property</span><span>
</span><a name="line-82"></a><a name="goldenTestJSONDec"><a href="Test.Cardano.Prelude.Golden.html#goldenTestJSONDec"><span class="hs-identifier">goldenTestJSONDec</span></a></a><span> </span><a name="local-6989586621679089131"><a href="#local-6989586621679089131"><span class="hs-identifier">x</span></a></a><span> </span><a name="local-6989586621679089132"><a href="#local-6989586621679089132"><span class="hs-identifier">path</span></a></a><span> </span><span class="hs-glyph">=</span><span> </span><span class="hs-identifier hs-var">withFrozenCallStack</span><span> </span><span class="hs-operator hs-var">$</span><span> </span><span class="hs-identifier hs-var">withTests</span><span> </span><span class="hs-number">1</span><span> </span><span class="hs-operator hs-var">.</span><span> </span><span class="hs-identifier hs-var">property</span><span> </span><span class="hs-operator hs-var">$</span><span> </span><span class="hs-keyword">do</span><span>
</span><a name="line-83"></a><span>  </span><a name="local-6989586621679089133"><a href="#local-6989586621679089133"><span class="hs-identifier">bs</span></a></a><span> </span><span class="hs-glyph">&lt;-</span><span> </span><span class="hs-identifier hs-var">liftIO</span><span> </span><span class="hs-special">(</span><span class="hs-identifier hs-var">LB.readFile</span><span> </span><a href="#local-6989586621679089132"><span class="hs-identifier hs-var">path</span></a><span class="hs-special">)</span><span>
</span><a name="line-84"></a><span>  </span><span class="hs-keyword">case</span><span> </span><span class="hs-identifier hs-var">eitherDecode</span><span> </span><a href="#local-6989586621679089133"><span class="hs-identifier hs-var">bs</span></a><span> </span><span class="hs-keyword">of</span><span>
</span><a name="line-85"></a><span>    </span><span class="hs-identifier hs-var">Left</span><span>  </span><a name="local-6989586621679089134"><a href="#local-6989586621679089134"><span class="hs-identifier">err</span></a></a><span> </span><span class="hs-glyph">-&gt;</span><span> </span><span class="hs-identifier hs-var">failWith</span><span> </span><span class="hs-identifier hs-var">Nothing</span><span> </span><span class="hs-operator hs-var">$</span><span> </span><span class="hs-string">&quot;could not decode: &quot;</span><span> </span><span class="hs-operator hs-var">&lt;&gt;</span><span> </span><span class="hs-identifier hs-var">show</span><span> </span><a href="#local-6989586621679089134"><span class="hs-identifier hs-var">err</span></a><span>
</span><a name="line-86"></a><span>    </span><span class="hs-identifier hs-var">Right</span><span> </span><a name="local-6989586621679089135"><a href="#local-6989586621679089135"><span class="hs-identifier">x'</span></a></a><span>  </span><span class="hs-glyph">-&gt;</span><span> </span><a href="#local-6989586621679089131"><span class="hs-identifier hs-var">x</span></a><span> </span><span class="hs-operator hs-var">===</span><span> </span><a href="#local-6989586621679089135"><span class="hs-identifier hs-var">x'</span></a><span>
</span><a name="line-87"></a><span>
</span><a name="line-88"></a><span class="hs-identifier">goldenTestJSON</span><span>
</span><a name="line-89"></a><span>  </span><span class="hs-glyph">::</span><span> </span><span class="hs-special">(</span><span class="hs-identifier hs-type">Eq</span><span> </span><a href="#local-6989586621679088456"><span class="hs-identifier hs-type">a</span></a><span class="hs-special">,</span><span> </span><span class="hs-identifier hs-type">FromJSON</span><span> </span><a href="#local-6989586621679088456"><span class="hs-identifier hs-type">a</span></a><span class="hs-special">,</span><span> </span><span class="hs-identifier hs-type">HasCallStack</span><span class="hs-special">,</span><span> </span><span class="hs-identifier hs-type">Show</span><span> </span><a href="#local-6989586621679088456"><span class="hs-identifier hs-type">a</span></a><span class="hs-special">,</span><span> </span><span class="hs-identifier hs-type">ToJSON</span><span> </span><a href="#local-6989586621679088456"><span class="hs-identifier hs-type">a</span></a><span class="hs-special">)</span><span>
</span><a name="line-90"></a><span>  </span><span class="hs-glyph">=&gt;</span><span> </span><a href="#local-6989586621679088456"><span class="hs-identifier hs-type">a</span></a><span>
</span><a name="line-91"></a><span>  </span><span class="hs-glyph">-&gt;</span><span> </span><span class="hs-identifier hs-type">FilePath</span><span>
</span><a name="line-92"></a><span>  </span><span class="hs-glyph">-&gt;</span><span> </span><span class="hs-identifier hs-type">Property</span><span>
</span><a name="line-93"></a><a name="goldenTestJSON"><a href="Test.Cardano.Prelude.Golden.html#goldenTestJSON"><span class="hs-identifier">goldenTestJSON</span></a></a><span> </span><a name="local-6989586621679089136"><a href="#local-6989586621679089136"><span class="hs-identifier">x</span></a></a><span> </span><a name="local-6989586621679089137"><a href="#local-6989586621679089137"><span class="hs-identifier">path</span></a></a><span> </span><span class="hs-glyph">=</span><span> </span><span class="hs-identifier hs-var">withFrozenCallStack</span><span> </span><span class="hs-operator hs-var">$</span><span> </span><span class="hs-identifier hs-var">withTests</span><span> </span><span class="hs-number">1</span><span> </span><span class="hs-operator hs-var">.</span><span> </span><span class="hs-identifier hs-var">property</span><span> </span><span class="hs-operator hs-var">$</span><span> </span><span class="hs-keyword">do</span><span>
</span><a name="line-94"></a><span>  </span><a name="local-6989586621679089138"><a href="#local-6989586621679089138"><span class="hs-identifier">bs</span></a></a><span> </span><span class="hs-glyph">&lt;-</span><span> </span><span class="hs-identifier hs-var">liftIO</span><span> </span><span class="hs-special">(</span><span class="hs-identifier hs-var">LB.readFile</span><span> </span><a href="#local-6989586621679089137"><span class="hs-identifier hs-var">path</span></a><span class="hs-special">)</span><span>
</span><a name="line-95"></a><span>  </span><span class="hs-identifier hs-var">encode</span><span> </span><a href="#local-6989586621679089136"><span class="hs-identifier hs-var">x</span></a><span> </span><span class="hs-operator hs-var">===</span><span> </span><a href="#local-6989586621679089138"><span class="hs-identifier hs-var">bs</span></a><span>
</span><a name="line-96"></a><span>  </span><span class="hs-keyword">case</span><span> </span><span class="hs-identifier hs-var">eitherDecode</span><span> </span><a href="#local-6989586621679089138"><span class="hs-identifier hs-var">bs</span></a><span> </span><span class="hs-keyword">of</span><span>
</span><a name="line-97"></a><span>    </span><span class="hs-identifier hs-var">Left</span><span>  </span><a name="local-6989586621679089139"><a href="#local-6989586621679089139"><span class="hs-identifier">err</span></a></a><span> </span><span class="hs-glyph">-&gt;</span><span> </span><span class="hs-identifier hs-var">failWith</span><span> </span><span class="hs-identifier hs-var">Nothing</span><span> </span><span class="hs-operator hs-var">$</span><span> </span><span class="hs-string">&quot;could not decode: &quot;</span><span> </span><span class="hs-operator hs-var">&lt;&gt;</span><span> </span><span class="hs-identifier hs-var">show</span><span> </span><a href="#local-6989586621679089139"><span class="hs-identifier hs-var">err</span></a><span>
</span><a name="line-98"></a><span>    </span><span class="hs-identifier hs-var">Right</span><span> </span><a name="local-6989586621679089140"><a href="#local-6989586621679089140"><span class="hs-identifier">x'</span></a></a><span>  </span><span class="hs-glyph">-&gt;</span><span> </span><a href="#local-6989586621679089136"><span class="hs-identifier hs-var">x</span></a><span> </span><span class="hs-operator hs-var">===</span><span> </span><a href="#local-6989586621679089140"><span class="hs-identifier hs-var">x'</span></a><span>
</span><a name="line-99"></a><span>
</span><a name="line-100"></a><span class="hs-identifier">goldenTestJSONPretty</span><span>
</span><a name="line-101"></a><span>  </span><span class="hs-glyph">::</span><span> </span><span class="hs-special">(</span><span class="hs-identifier hs-type">Eq</span><span> </span><a href="#local-6989586621679081397"><span class="hs-identifier hs-type">a</span></a><span class="hs-special">,</span><span> </span><span class="hs-identifier hs-type">FromJSON</span><span> </span><a href="#local-6989586621679081397"><span class="hs-identifier hs-type">a</span></a><span class="hs-special">,</span><span> </span><span class="hs-identifier hs-type">HasCallStack</span><span class="hs-special">,</span><span> </span><span class="hs-identifier hs-type">Show</span><span> </span><a href="#local-6989586621679081397"><span class="hs-identifier hs-type">a</span></a><span class="hs-special">,</span><span> </span><span class="hs-identifier hs-type">ToJSON</span><span> </span><a href="#local-6989586621679081397"><span class="hs-identifier hs-type">a</span></a><span class="hs-special">)</span><span>
</span><a name="line-102"></a><span>  </span><span class="hs-glyph">=&gt;</span><span> </span><a href="#local-6989586621679081397"><span class="hs-identifier hs-type">a</span></a><span>
</span><a name="line-103"></a><span>  </span><span class="hs-glyph">-&gt;</span><span> </span><span class="hs-identifier hs-type">FilePath</span><span>
</span><a name="line-104"></a><span>  </span><span class="hs-glyph">-&gt;</span><span> </span><span class="hs-identifier hs-type">Property</span><span>
</span><a name="line-105"></a><a name="goldenTestJSONPretty"><a href="Test.Cardano.Prelude.Golden.html#goldenTestJSONPretty"><span class="hs-identifier">goldenTestJSONPretty</span></a></a><span> </span><a name="local-6989586621679089141"><a href="#local-6989586621679089141"><span class="hs-identifier">x</span></a></a><span> </span><a name="local-6989586621679089142"><a href="#local-6989586621679089142"><span class="hs-identifier">path</span></a></a><span> </span><span class="hs-glyph">=</span><span>
</span><a name="line-106"></a><span>  </span><span class="hs-identifier hs-var">withFrozenCallStack</span><span>
</span><a name="line-107"></a><span>    </span><span class="hs-operator hs-var">$</span><span> </span><span class="hs-identifier hs-var">withTests</span><span> </span><span class="hs-number">1</span><span>
</span><a name="line-108"></a><span>    </span><span class="hs-operator hs-var">.</span><span> </span><span class="hs-identifier hs-var">property</span><span>
</span><a name="line-109"></a><span>    </span><span class="hs-operator hs-var">$</span><span> </span><span class="hs-keyword">do</span><span>
</span><a name="line-110"></a><span>        </span><a name="local-6989586621679089143"><a href="#local-6989586621679089143"><span class="hs-identifier">bs</span></a></a><span> </span><span class="hs-glyph">&lt;-</span><span> </span><span class="hs-identifier hs-var">liftIO</span><span> </span><span class="hs-special">(</span><span class="hs-identifier hs-var">LB.readFile</span><span> </span><a href="#local-6989586621679089142"><span class="hs-identifier hs-var">path</span></a><span class="hs-special">)</span><span>
</span><a name="line-111"></a><span>        </span><span class="hs-comment">-- Sort keys by their order of appearance in the argument list</span><span>
</span><a name="line-112"></a><span>        </span><span class="hs-comment">-- of `keyOrder`. Keys not in the argument list are moved to the</span><span>
</span><a name="line-113"></a><span>        </span><span class="hs-comment">-- end, while their order is preserved.</span><span>
</span><a name="line-114"></a><span>        </span><span class="hs-keyword">let</span><span>
</span><a name="line-115"></a><span>          </span><a name="local-6989586621679089144"><a href="#local-6989586621679089144"><span class="hs-identifier">defConfig'</span></a></a><span> </span><span class="hs-glyph">=</span><span> </span><span class="hs-identifier hs-var">Config</span><span>
</span><a name="line-116"></a><span>            </span><span class="hs-special">{</span><span> </span><span class="hs-identifier">confIndent</span><span>          </span><span class="hs-glyph">=</span><span> </span><span class="hs-identifier hs-var">Spaces</span><span> </span><span class="hs-number">4</span><span>
</span><a name="line-117"></a><span>            </span><span class="hs-special">,</span><span> </span><span class="hs-identifier">confCompare</span><span>         </span><span class="hs-glyph">=</span><span> </span><span class="hs-identifier hs-var">keyOrder</span><span> </span><span class="hs-special">[</span><span class="hs-string">&quot;file&quot;</span><span class="hs-special">,</span><span> </span><span class="hs-string">&quot;hash&quot;</span><span class="hs-special">]</span><span>
</span><a name="line-118"></a><span>            </span><span class="hs-special">,</span><span> </span><span class="hs-identifier">confNumFormat</span><span>       </span><span class="hs-glyph">=</span><span> </span><span class="hs-identifier hs-var">Generic</span><span>
</span><a name="line-119"></a><span>            </span><span class="hs-special">,</span><span> </span><span class="hs-identifier">confTrailingNewline</span><span> </span><span class="hs-glyph">=</span><span> </span><span class="hs-identifier hs-var">False</span><span>
</span><a name="line-120"></a><span>            </span><span class="hs-special">}</span><span>
</span><a name="line-121"></a><span>        </span><span class="hs-identifier hs-var">encodePretty'</span><span> </span><a href="#local-6989586621679089144"><span class="hs-identifier hs-var">defConfig'</span></a><span> </span><a href="#local-6989586621679089141"><span class="hs-identifier hs-var">x</span></a><span> </span><span class="hs-operator hs-var">===</span><span> </span><a href="#local-6989586621679089143"><span class="hs-identifier hs-var">bs</span></a><span>
</span><a name="line-122"></a><span>        </span><span class="hs-keyword">case</span><span> </span><span class="hs-identifier hs-var">eitherDecode</span><span> </span><a href="#local-6989586621679089143"><span class="hs-identifier hs-var">bs</span></a><span> </span><span class="hs-keyword">of</span><span>
</span><a name="line-123"></a><span>          </span><span class="hs-identifier hs-var">Left</span><span>  </span><a name="local-6989586621679089145"><a href="#local-6989586621679089145"><span class="hs-identifier">err</span></a></a><span> </span><span class="hs-glyph">-&gt;</span><span> </span><span class="hs-identifier hs-var">failWith</span><span> </span><span class="hs-identifier hs-var">Nothing</span><span> </span><span class="hs-operator hs-var">$</span><span> </span><span class="hs-string">&quot;could not decode: &quot;</span><span> </span><span class="hs-operator hs-var">&lt;&gt;</span><span> </span><span class="hs-identifier hs-var">show</span><span> </span><a href="#local-6989586621679089145"><span class="hs-identifier hs-var">err</span></a><span>
</span><a name="line-124"></a><span>          </span><span class="hs-identifier hs-var">Right</span><span> </span><a name="local-6989586621679089146"><a href="#local-6989586621679089146"><span class="hs-identifier">x'</span></a></a><span>  </span><span class="hs-glyph">-&gt;</span><span> </span><a href="#local-6989586621679089141"><span class="hs-identifier hs-var">x</span></a><span> </span><span class="hs-operator hs-var">===</span><span> </span><a href="#local-6989586621679089146"><span class="hs-identifier hs-var">x'</span></a><span>
</span><a name="line-125"></a><span>
</span><a name="line-126"></a><span class="hs-comment">-- | Text used for example values in a number of golden tests</span><span>
</span><a name="line-127"></a><span class="hs-comment">--</span><span>
</span><a name="line-128"></a><span class="hs-comment">--   Changing existing values in this string will break existing golden</span><span>
</span><a name="line-129"></a><span class="hs-comment">--   tests, but it us OK to append more data to the end.</span><span>
</span><a name="line-130"></a><span class="hs-identifier">staticText</span><span> </span><span class="hs-glyph">::</span><span> </span><span class="hs-identifier hs-type">Text</span><span>
</span><a name="line-131"></a><a name="staticText"><a href="Test.Cardano.Prelude.Golden.html#staticText"><span class="hs-identifier">staticText</span></a></a><span>
</span><a name="line-132"></a><span>  </span><span class="hs-glyph">=</span><span> </span><span class="hs-string">&quot;Kmyw4lDSE5S4fSH6etNouiXezCyEjKc3tG4ja0kFjO8qzai26ZMPUEJfEy15ox5kJ0uKD\
    \bi7i6dLXkuesVZ9JfHgjrctsLFt2NvovXnchsOvX05Y6LohlTNt5mkPFhUoXu1EZSJTIy\
    \3fTU53b412r4AEusD7tcdRgH47yTr5hMO63bJnYBbmNperLHfiT1lP0MLQLh1J1DfoYBs\
    \auoJOzvtAgvjHo6UFttnK6vZ3Cknpuob6uMS2MkJKmuoQsqsAYcRDWbJ2Rgw4bm2ndTM4\
    \zFfuRDKvdrL6sDkuPNPYqxMWlqnXjSbU0eLtceZuKgXLHR8cdvsEvywt4JaZUQhnbq3Vl\
    \7nZqcXdoi4XGTCgSGcGp8N0SDVhvkVh0QF1RVpWPnOMyYISJvuaHfo1zXMdq9tEdtJfID&quot;</span><span>
</span><a name="line-138"></a><span>
</span><a name="line-139"></a><span class="hs-identifier">getText</span><span> </span><span class="hs-glyph">::</span><span> </span><span class="hs-identifier hs-type">Int</span><span> </span><span class="hs-glyph">-&gt;</span><span> </span><span class="hs-identifier hs-type">Int</span><span> </span><span class="hs-glyph">-&gt;</span><span> </span><span class="hs-identifier hs-type">Text</span><span>
</span><a name="line-140"></a><a name="getText"><a href="Test.Cardano.Prelude.Golden.html#getText"><span class="hs-identifier">getText</span></a></a><span> </span><a name="local-6989586621679089147"><a href="#local-6989586621679089147"><span class="hs-identifier">offset</span></a></a><span> </span><a name="local-6989586621679089148"><a href="#local-6989586621679089148"><span class="hs-identifier">len</span></a></a><span> </span><span class="hs-glyph">=</span><span> </span><span class="hs-identifier hs-var">T.take</span><span> </span><a href="#local-6989586621679089148"><span class="hs-identifier hs-var">len</span></a><span> </span><span class="hs-operator hs-var">$</span><span> </span><span class="hs-identifier hs-var">T.drop</span><span> </span><a href="#local-6989586621679089147"><span class="hs-identifier hs-var">offset</span></a><span> </span><a href="Test.Cardano.Prelude.Golden.html#staticText"><span class="hs-identifier hs-var">staticText</span></a><span>
</span><a name="line-141"></a></pre></body></html>