<!DOCTYPE html PUBLIC "-//W3C//DTD XHTML 1.0 Transitional//EN" "http://www.w3.org/TR/xhtml1/DTD/xhtml1-transitional.dtd"><html xmlns="http://www.w3.org/1999/xhtml"><head><link rel="stylesheet" type="text/css" href="style.css" /><script type="text/javascript" src="highlight.js"></script></head><body><pre><span class="hs-pragma">{-# LANGUAGE DeriveAnyClass     #-}</span><span>
</span><a name="line-2"></a><span class="hs-pragma">{-# LANGUAGE DeriveGeneric      #-}</span><span>
</span><a name="line-3"></a><span class="hs-pragma">{-# LANGUAGE StandaloneDeriving #-}</span><span>
</span><a name="line-4"></a><span class="hs-pragma">{-# OPTIONS_GHC -Wno-orphans #-}</span><span>
</span><a name="line-5"></a><span class="hs-keyword">module</span><span> </span><span class="hs-identifier">Test.Util.Golden</span><span>
</span><a name="line-6"></a><span>  </span><span class="hs-special">(</span><span> </span><a href="Test.Util.Golden.html#goldenTestCBOR"><span class="hs-identifier hs-var">goldenTestCBOR</span></a><span>
</span><a name="line-7"></a><span>  </span><span class="hs-special">,</span><span> </span><a href="Test.Util.Golden.html#goldenTestCBORInCBOR"><span class="hs-identifier hs-var">goldenTestCBORInCBOR</span></a><span>
</span><a name="line-8"></a><span>  </span><span class="hs-special">)</span><span> </span><span class="hs-keyword">where</span><span>
</span><a name="line-9"></a><span>
</span><a name="line-10"></a><span class="hs-keyword">import</span><span> </span><span class="hs-keyword">qualified</span><span> </span><span class="hs-identifier">Data.ByteString</span><span> </span><span class="hs-keyword">as</span><span> </span><span class="hs-identifier">BS</span><span>
</span><a name="line-11"></a><span class="hs-keyword">import</span><span>           </span><span class="hs-identifier">Data.List</span><span> </span><span class="hs-special">(</span><span class="hs-identifier hs-var">intercalate</span><span class="hs-special">)</span><span>
</span><a name="line-12"></a><span class="hs-keyword">import</span><span>           </span><span class="hs-identifier">Data.TreeDiff</span><span> </span><span class="hs-special">(</span><span class="hs-identifier hs-type">ToExpr</span><span class="hs-special">,</span><span> </span><span class="hs-identifier hs-var">ansiWlEditExpr</span><span class="hs-special">,</span><span> </span><span class="hs-identifier hs-var">ediff</span><span class="hs-special">)</span><span>
</span><a name="line-13"></a><span>
</span><a name="line-14"></a><span class="hs-keyword">import</span><span>           </span><span class="hs-identifier">Codec.CBOR.Encoding</span><span> </span><span class="hs-special">(</span><span class="hs-identifier hs-type">Encoding</span><span class="hs-special">)</span><span>
</span><a name="line-15"></a><span class="hs-keyword">import</span><span>           </span><span class="hs-identifier">Codec.CBOR.FlatTerm</span><span> </span><span class="hs-special">(</span><span class="hs-identifier hs-type">FlatTerm</span><span class="hs-special">,</span><span> </span><span class="hs-identifier hs-type">TermToken</span><span> </span><span class="hs-special">(</span><span class="hs-glyph">..</span><span class="hs-special">)</span><span class="hs-special">)</span><span>
</span><a name="line-16"></a><span class="hs-keyword">import</span><span> </span><span class="hs-keyword">qualified</span><span> </span><span class="hs-identifier">Codec.CBOR.FlatTerm</span><span> </span><span class="hs-keyword">as</span><span> </span><span class="hs-identifier">CBOR</span><span>
</span><a name="line-17"></a><span class="hs-keyword">import</span><span> </span><span class="hs-keyword">qualified</span><span> </span><span class="hs-identifier">Codec.CBOR.Read</span><span> </span><span class="hs-keyword">as</span><span> </span><span class="hs-identifier">CBOR</span><span>
</span><a name="line-18"></a><span>
</span><a name="line-19"></a><span class="hs-keyword">import</span><span>           </span><span class="hs-identifier">GHC.Generics</span><span> </span><span class="hs-special">(</span><span class="hs-identifier hs-type">Generic</span><span class="hs-special">)</span><span>
</span><a name="line-20"></a><span class="hs-keyword">import</span><span>           </span><span class="hs-identifier">GHC.Stack</span><span> </span><span class="hs-special">(</span><span class="hs-identifier hs-type">HasCallStack</span><span class="hs-special">)</span><span>
</span><a name="line-21"></a><span>
</span><a name="line-22"></a><span class="hs-keyword">import</span><span> </span><span class="hs-keyword">qualified</span><span> </span><span class="hs-identifier">Control.Monad.ST.Lazy</span><span> </span><span class="hs-keyword">as</span><span> </span><span class="hs-identifier">ST.Lazy</span><span>
</span><a name="line-23"></a><span>
</span><a name="line-24"></a><span class="hs-keyword">import</span><span>           </span><span class="hs-identifier">Test.Tasty.HUnit</span><span>
</span><a name="line-25"></a><span>
</span><a name="line-26"></a><span class="hs-comment">-- | Test whether the encoding of the given example value matches the expected</span><span>
</span><a name="line-27"></a><span class="hs-comment">-- encoding, given as a 'FlatTerm'.</span><span>
</span><a name="line-28"></a><span class="hs-comment">--</span><span>
</span><a name="line-29"></a><span class="hs-comment">-- Hint: when writing the test, just pass an empty expected 'FlatTerm', a</span><span>
</span><a name="line-30"></a><span class="hs-comment">-- pastable one will be printed.</span><span>
</span><a name="line-31"></a><span class="hs-identifier">goldenTestCBOR</span><span>
</span><a name="line-32"></a><span>  </span><span class="hs-glyph">::</span><span> </span><span class="hs-identifier hs-type">HasCallStack</span><span>
</span><a name="line-33"></a><span>  </span><span class="hs-glyph">=&gt;</span><span> </span><span class="hs-special">(</span><a href="#local-6989586621679162672"><span class="hs-identifier hs-type">a</span></a><span> </span><span class="hs-glyph">-&gt;</span><span> </span><span class="hs-identifier hs-type">Encoding</span><span class="hs-special">)</span><span> </span><span class="hs-comment">-- ^ Encoder</span><span>
</span><a name="line-34"></a><span>  </span><span class="hs-glyph">-&gt;</span><span> </span><a href="#local-6989586621679162672"><span class="hs-identifier hs-type">a</span></a><span>               </span><span class="hs-comment">-- ^ Example value to use for the golden test</span><span>
</span><a name="line-35"></a><span>  </span><span class="hs-glyph">-&gt;</span><span> </span><span class="hs-identifier hs-type">FlatTerm</span><span>        </span><span class="hs-comment">-- ^ Expected CBOR (flat) encoding</span><span>
</span><a name="line-36"></a><span>  </span><span class="hs-glyph">-&gt;</span><span> </span><span class="hs-identifier hs-type">Assertion</span><span>
</span><a name="line-37"></a><a name="goldenTestCBOR"><a href="Test.Util.Golden.html#goldenTestCBOR"><span class="hs-identifier">goldenTestCBOR</span></a></a><span> </span><a name="local-6989586621679162673"><a href="#local-6989586621679162673"><span class="hs-identifier">enc</span></a></a><span> </span><a name="local-6989586621679162674"><a href="#local-6989586621679162674"><span class="hs-identifier">a</span></a></a><span> </span><a name="local-6989586621679162675"><a href="#local-6989586621679162675"><span class="hs-identifier">expectedFlatTerm</span></a></a><span> </span><span class="hs-glyph">=</span><span>
</span><a name="line-38"></a><span>    </span><span class="hs-identifier hs-var">assertBool</span><span> </span><a href="#local-6989586621679162677"><span class="hs-identifier hs-var">msg</span></a><span> </span><span class="hs-special">(</span><a href="#local-6989586621679162676"><span class="hs-identifier hs-var">actualFlatTerm</span></a><span> </span><span class="hs-operator hs-var">==</span><span> </span><a href="#local-6989586621679162675"><span class="hs-identifier hs-var">expectedFlatTerm</span></a><span class="hs-special">)</span><span>
</span><a name="line-39"></a><span>  </span><span class="hs-keyword">where</span><span>
</span><a name="line-40"></a><span>    </span><a name="local-6989586621679162676"><a href="#local-6989586621679162676"><span class="hs-identifier">actualFlatTerm</span></a></a><span> </span><span class="hs-glyph">=</span><span> </span><span class="hs-identifier hs-var">CBOR.toFlatTerm</span><span> </span><span class="hs-operator hs-var">$</span><span> </span><a href="#local-6989586621679162673"><span class="hs-identifier hs-var">enc</span></a><span> </span><a href="#local-6989586621679162674"><span class="hs-identifier hs-var">a</span></a><span>
</span><a name="line-41"></a><span>
</span><a name="line-42"></a><span>    </span><a name="local-6989586621679162677"><a href="#local-6989586621679162677"><span class="hs-identifier">msg</span></a></a><span>
</span><a name="line-43"></a><span>      </span><span class="hs-glyph">|</span><span> </span><span class="hs-identifier hs-var">null</span><span> </span><a href="#local-6989586621679162675"><span class="hs-identifier hs-var">expectedFlatTerm</span></a><span>
</span><a name="line-44"></a><span>      </span><span class="hs-glyph">=</span><span> </span><span class="hs-string">&quot;Running with an empty expected value, actual value is:\n&quot;</span><span> </span><span class="hs-operator hs-var">&lt;&gt;</span><span>
</span><a name="line-45"></a><span>        </span><a href="Test.Util.Golden.html#pprintList"><span class="hs-identifier hs-var">pprintList</span></a><span> </span><a href="#local-6989586621679162676"><span class="hs-identifier hs-var">actualFlatTerm</span></a><span>
</span><a name="line-46"></a><span>      </span><span class="hs-glyph">|</span><span> </span><span class="hs-identifier hs-var">otherwise</span><span>
</span><a name="line-47"></a><span>      </span><span class="hs-glyph">=</span><span> </span><span class="hs-string">&quot;Expected term /= actual term, diff expected actual:\n&quot;</span><span> </span><span class="hs-operator hs-var">&lt;&gt;</span><span>
</span><a name="line-48"></a><span>        </span><span class="hs-identifier hs-var">show</span><span> </span><span class="hs-special">(</span><span class="hs-identifier hs-var">ansiWlEditExpr</span><span> </span><span class="hs-special">(</span><span class="hs-identifier hs-var">ediff</span><span> </span><a href="#local-6989586621679162675"><span class="hs-identifier hs-var">expectedFlatTerm</span></a><span> </span><a href="#local-6989586621679162676"><span class="hs-identifier hs-var">actualFlatTerm</span></a><span class="hs-special">)</span><span class="hs-special">)</span><span>
</span><a name="line-49"></a><span>
</span><a name="line-50"></a><span class="hs-comment">-- | A variant on 'goldenTestCBOR' for use when the encoding uses the</span><span>
</span><a name="line-51"></a><span class="hs-comment">-- CBOR-in-CBOR wrapping. If we don't use this, the examples and the</span><span>
</span><a name="line-52"></a><span class="hs-comment">-- diffs become unreadable.</span><span>
</span><a name="line-53"></a><span class="hs-comment">--</span><span>
</span><a name="line-54"></a><span class="hs-identifier">goldenTestCBORInCBOR</span><span>
</span><a name="line-55"></a><span>  </span><span class="hs-glyph">::</span><span> </span><span class="hs-identifier hs-type">HasCallStack</span><span>
</span><a name="line-56"></a><span>  </span><span class="hs-glyph">=&gt;</span><span> </span><span class="hs-special">(</span><a href="#local-6989586621679162449"><span class="hs-identifier hs-type">a</span></a><span> </span><span class="hs-glyph">-&gt;</span><span> </span><span class="hs-identifier hs-type">Encoding</span><span class="hs-special">)</span><span> </span><span class="hs-comment">-- ^ Encoder</span><span>
</span><a name="line-57"></a><span>  </span><span class="hs-glyph">-&gt;</span><span> </span><a href="#local-6989586621679162449"><span class="hs-identifier hs-type">a</span></a><span>               </span><span class="hs-comment">-- ^ Example value to use for the golden test</span><span>
</span><a name="line-58"></a><span>  </span><span class="hs-glyph">-&gt;</span><span> </span><span class="hs-identifier hs-type">FlatTerm</span><span>        </span><span class="hs-comment">-- ^ Expected CBOR (flat) encoding</span><span>
</span><a name="line-59"></a><span>  </span><span class="hs-glyph">-&gt;</span><span> </span><span class="hs-identifier hs-type">Assertion</span><span>
</span><a name="line-60"></a><a name="goldenTestCBORInCBOR"><a href="Test.Util.Golden.html#goldenTestCBORInCBOR"><span class="hs-identifier">goldenTestCBORInCBOR</span></a></a><span> </span><a name="local-6989586621679163755"><a href="#local-6989586621679163755"><span class="hs-identifier">enc</span></a></a><span> </span><a name="local-6989586621679163756"><a href="#local-6989586621679163756"><span class="hs-identifier">a</span></a></a><span> </span><a name="local-6989586621679163757"><a href="#local-6989586621679163757"><span class="hs-identifier">expectedFlatTerm</span></a></a><span> </span><span class="hs-glyph">=</span><span>
</span><a name="line-61"></a><span>    </span><span class="hs-identifier hs-var">assertBool</span><span> </span><a href="#local-6989586621679163759"><span class="hs-identifier hs-var">msg</span></a><span> </span><span class="hs-special">(</span><a href="#local-6989586621679163758"><span class="hs-identifier hs-var">actualFlatTerm</span></a><span> </span><span class="hs-operator hs-var">==</span><span> </span><a href="#local-6989586621679163757"><span class="hs-identifier hs-var">expectedFlatTerm</span></a><span class="hs-special">)</span><span>
</span><a name="line-62"></a><span>  </span><span class="hs-keyword">where</span><span>
</span><a name="line-63"></a><span>    </span><a name="local-6989586621679163758"><a href="#local-6989586621679163758"><span class="hs-identifier">actualFlatTerm</span></a></a><span> </span><span class="hs-glyph">=</span><span>
</span><a name="line-64"></a><span>      </span><span class="hs-keyword">case</span><span> </span><span class="hs-identifier hs-var">CBOR.toFlatTerm</span><span> </span><span class="hs-operator hs-var">$</span><span> </span><a href="#local-6989586621679163755"><span class="hs-identifier hs-var">enc</span></a><span> </span><a href="#local-6989586621679163756"><span class="hs-identifier hs-var">a</span></a><span> </span><span class="hs-keyword">of</span><span>
</span><a name="line-65"></a><span>        </span><span class="hs-special">[</span><span class="hs-identifier hs-var">TkTag</span><span> </span><span class="hs-number">24</span><span class="hs-special">,</span><span> </span><span class="hs-identifier hs-var">TkBytes</span><span> </span><a name="local-6989586621679163760"><a href="#local-6989586621679163760"><span class="hs-identifier">b</span></a></a><span class="hs-special">]</span><span> </span><span class="hs-glyph">-&gt;</span><span> </span><a href="Test.Util.Golden.html#decodePreEncoded"><span class="hs-identifier hs-var">decodePreEncoded</span></a><span> </span><a href="#local-6989586621679163760"><span class="hs-identifier hs-var">b</span></a><span>
</span><a name="line-66"></a><span>        </span><a name="local-6989586621679163761"><a href="#local-6989586621679163761"><span class="hs-identifier">tks</span></a></a><span>                   </span><span class="hs-glyph">-&gt;</span><span> </span><a href="#local-6989586621679163761"><span class="hs-identifier hs-var">tks</span></a><span>
</span><a name="line-67"></a><span>
</span><a name="line-68"></a><span>    </span><a name="local-6989586621679163759"><a href="#local-6989586621679163759"><span class="hs-identifier">msg</span></a></a><span>
</span><a name="line-69"></a><span>      </span><span class="hs-glyph">|</span><span> </span><span class="hs-identifier hs-var">null</span><span> </span><a href="#local-6989586621679163757"><span class="hs-identifier hs-var">expectedFlatTerm</span></a><span>
</span><a name="line-70"></a><span>      </span><span class="hs-glyph">=</span><span> </span><span class="hs-string">&quot;Running with an empty expected value, actual value is:\n&quot;</span><span> </span><span class="hs-operator hs-var">&lt;&gt;</span><span>
</span><a name="line-71"></a><span>        </span><a href="Test.Util.Golden.html#pprintList"><span class="hs-identifier hs-var">pprintList</span></a><span> </span><a href="#local-6989586621679163758"><span class="hs-identifier hs-var">actualFlatTerm</span></a><span>
</span><a name="line-72"></a><span>      </span><span class="hs-glyph">|</span><span> </span><span class="hs-identifier hs-var">otherwise</span><span>
</span><a name="line-73"></a><span>      </span><span class="hs-glyph">=</span><span> </span><span class="hs-string">&quot;Expected term /= actual term, diff expected actual:\n&quot;</span><span> </span><span class="hs-operator hs-var">&lt;&gt;</span><span>
</span><a name="line-74"></a><span>        </span><span class="hs-identifier hs-var">show</span><span> </span><span class="hs-special">(</span><span class="hs-identifier hs-var">ansiWlEditExpr</span><span> </span><span class="hs-special">(</span><span class="hs-identifier hs-var">ediff</span><span> </span><a href="#local-6989586621679163757"><span class="hs-identifier hs-var">expectedFlatTerm</span></a><span> </span><a href="#local-6989586621679163758"><span class="hs-identifier hs-var">actualFlatTerm</span></a><span class="hs-special">)</span><span class="hs-special">)</span><span>
</span><a name="line-75"></a><span>
</span><a name="line-76"></a><span class="hs-comment">-- | Print a list of elements as follows:</span><span>
</span><a name="line-77"></a><span class="hs-comment">--</span><span>
</span><a name="line-78"></a><span class="hs-comment">-- &gt; [ &lt;first&gt;</span><span>
</span><a name="line-79"></a><span class="hs-comment">-- &gt; , &lt;second&gt;</span><span>
</span><a name="line-80"></a><span class="hs-comment">-- &gt; , ..</span><span>
</span><a name="line-81"></a><span class="hs-comment">-- &gt; ]</span><span>
</span><a name="line-82"></a><span class="hs-comment">--</span><span>
</span><a name="line-83"></a><span class="hs-comment">-- unless the list is empty, then print &quot;[]&quot;</span><span>
</span><a name="line-84"></a><span class="hs-identifier">pprintList</span><span> </span><span class="hs-glyph">::</span><span> </span><span class="hs-identifier hs-type">Show</span><span> </span><a href="#local-6989586621679162448"><span class="hs-identifier hs-type">a</span></a><span> </span><span class="hs-glyph">=&gt;</span><span> </span><span class="hs-special">[</span><a href="#local-6989586621679162448"><span class="hs-identifier hs-type">a</span></a><span class="hs-special">]</span><span> </span><span class="hs-glyph">-&gt;</span><span> </span><span class="hs-identifier hs-type">String</span><span>
</span><a name="line-85"></a><a name="pprintList"><a href="Test.Util.Golden.html#pprintList"><span class="hs-identifier">pprintList</span></a></a><span> </span><span class="hs-special">[</span><span class="hs-special">]</span><span> </span><span class="hs-glyph">=</span><span> </span><span class="hs-string">&quot;[]&quot;</span><span>
</span><a name="line-86"></a><span class="hs-identifier">pprintList</span><span> </span><span class="hs-special">(</span><a name="local-6989586621679163762"><a href="#local-6989586621679163762"><span class="hs-identifier">x</span></a></a><span class="hs-glyph">:</span><a name="local-6989586621679163763"><a href="#local-6989586621679163763"><span class="hs-identifier">ys</span></a></a><span class="hs-special">)</span><span> </span><span class="hs-glyph">=</span><span> </span><span class="hs-identifier hs-var">intercalate</span><span> </span><span class="hs-string">&quot;\n&quot;</span><span> </span><span class="hs-operator hs-var">$</span><span>
</span><a name="line-87"></a><span>    </span><span class="hs-special">[</span><span> </span><span class="hs-string">&quot;[ &quot;</span><span> </span><span class="hs-operator hs-var">&lt;&gt;</span><span> </span><span class="hs-identifier hs-var">show</span><span> </span><a href="#local-6989586621679163762"><span class="hs-identifier hs-var">x</span></a><span> </span><span class="hs-special">]</span><span> </span><span class="hs-operator hs-var">&lt;&gt;</span><span>
</span><a name="line-88"></a><span>    </span><span class="hs-special">[</span><span> </span><span class="hs-string">&quot;, &quot;</span><span> </span><span class="hs-operator hs-var">&lt;&gt;</span><span> </span><span class="hs-identifier hs-var">show</span><span> </span><a href="#local-6989586621679163764"><span class="hs-identifier hs-var">y</span></a><span> </span><span class="hs-glyph">|</span><span> </span><a name="local-6989586621679163764"><a href="#local-6989586621679163764"><span class="hs-identifier">y</span></a></a><span> </span><span class="hs-glyph">&lt;-</span><span> </span><a href="#local-6989586621679163763"><span class="hs-identifier hs-var">ys</span></a><span> </span><span class="hs-special">]</span><span> </span><span class="hs-operator hs-var">&lt;&gt;</span><span>
</span><a name="line-89"></a><span>    </span><span class="hs-special">[</span><span> </span><span class="hs-string">&quot;]&quot;</span><span> </span><span class="hs-special">]</span><span>
</span><a name="line-90"></a><span>
</span><a name="line-91"></a><span class="hs-keyword">deriving</span><span> </span><span class="hs-keyword">instance</span><span> </span><span class="hs-identifier hs-type">Generic</span><span> </span><span class="hs-identifier hs-type">TermToken</span><span>
</span><a name="line-92"></a><span class="hs-keyword">deriving</span><span> </span><span class="hs-keyword">instance</span><span> </span><span class="hs-identifier hs-type">ToExpr</span><span> </span><span class="hs-identifier hs-type">TermToken</span><span>
</span><a name="line-93"></a><span>
</span><a name="line-94"></a><span>
</span><a name="line-95"></a><span class="hs-identifier">decodePreEncoded</span><span> </span><span class="hs-glyph">::</span><span> </span><span class="hs-identifier hs-type">BS.ByteString</span><span> </span><span class="hs-glyph">-&gt;</span><span> </span><span class="hs-identifier hs-type">FlatTerm</span><span>
</span><a name="line-96"></a><a name="decodePreEncoded"><a href="Test.Util.Golden.html#decodePreEncoded"><span class="hs-identifier">decodePreEncoded</span></a></a><span> </span><a name="local-6989586621679163765"><a href="#local-6989586621679163765"><span class="hs-identifier">bs0</span></a></a><span> </span><span class="hs-glyph">=</span><span>
</span><a name="line-97"></a><span>    </span><span class="hs-identifier hs-var">ST.Lazy.runST</span><span> </span><span class="hs-special">(</span><a href="#local-6989586621679163766"><span class="hs-identifier hs-var">provideInput</span></a><span> </span><a href="#local-6989586621679163765"><span class="hs-identifier hs-var">bs0</span></a><span class="hs-special">)</span><span>
</span><a name="line-98"></a><span>  </span><span class="hs-keyword">where</span><span>
</span><a name="line-99"></a><span>    </span><span class="hs-identifier">provideInput</span><span> </span><span class="hs-glyph">::</span><span> </span><span class="hs-identifier hs-type">BS.ByteString</span><span> </span><span class="hs-glyph">-&gt;</span><span> </span><span class="hs-identifier hs-type">ST.Lazy.ST</span><span> </span><a href="#local-6989586621679163768"><span class="hs-identifier hs-type">s</span></a><span> </span><span class="hs-identifier hs-type">FlatTerm</span><span>
</span><a name="line-100"></a><span>    </span><a name="local-6989586621679163766"><a href="#local-6989586621679163766"><span class="hs-identifier">provideInput</span></a></a><span> </span><a name="local-6989586621679163871"><a href="#local-6989586621679163871"><span class="hs-identifier">bs</span></a></a><span>
</span><a name="line-101"></a><span>      </span><span class="hs-glyph">|</span><span> </span><span class="hs-identifier hs-var">BS.null</span><span> </span><a href="#local-6989586621679163871"><span class="hs-identifier hs-var">bs</span></a><span> </span><span class="hs-glyph">=</span><span> </span><span class="hs-identifier hs-var">return</span><span> </span><span class="hs-special">[</span><span class="hs-special">]</span><span>
</span><a name="line-102"></a><span>      </span><span class="hs-glyph">|</span><span> </span><span class="hs-identifier hs-var">otherwise</span><span>  </span><span class="hs-glyph">=</span><span> </span><span class="hs-keyword">do</span><span>
</span><a name="line-103"></a><span>          </span><a name="local-6989586621679163873"><a href="#local-6989586621679163873"><span class="hs-identifier">next</span></a></a><span> </span><span class="hs-glyph">&lt;-</span><span> </span><span class="hs-identifier hs-var">ST.Lazy.strictToLazyST</span><span> </span><span class="hs-operator hs-var">$</span><span> </span><span class="hs-keyword">do</span><span>
</span><a name="line-104"></a><span>              </span><span class="hs-comment">-- This will always be a 'Partial' here because decodeTermToken</span><span>
</span><a name="line-105"></a><span>              </span><span class="hs-comment">-- always starts by requesting initial input. Only decoders that</span><span>
</span><a name="line-106"></a><span>              </span><span class="hs-comment">-- fail or return a value without looking at their input can give</span><span>
</span><a name="line-107"></a><span>              </span><span class="hs-comment">-- a different initial result.</span><span>
</span><a name="line-108"></a><span>              </span><span class="hs-identifier hs-var">CBOR.Partial</span><span> </span><a name="local-6989586621679163872"><a href="#local-6989586621679163872"><span class="hs-identifier">k</span></a></a><span> </span><span class="hs-glyph">&lt;-</span><span> </span><span class="hs-identifier hs-var">CBOR.deserialiseIncremental</span><span> </span><span class="hs-identifier hs-var">CBOR.decodeTermToken</span><span>
</span><a name="line-109"></a><span>              </span><a href="#local-6989586621679163872"><span class="hs-identifier hs-var">k</span></a><span> </span><span class="hs-special">(</span><span class="hs-identifier hs-var">Just</span><span> </span><a href="#local-6989586621679163871"><span class="hs-identifier hs-var">bs</span></a><span class="hs-special">)</span><span>
</span><a name="line-110"></a><span>          </span><a href="#local-6989586621679163767"><span class="hs-identifier hs-var">collectOutput</span></a><span> </span><a href="#local-6989586621679163873"><span class="hs-identifier hs-var">next</span></a><span>
</span><a name="line-111"></a><span>
</span><a name="line-112"></a><span>    </span><span class="hs-identifier">collectOutput</span><span> </span><span class="hs-glyph">::</span><span> </span><span class="hs-identifier hs-type">CBOR.IDecode</span><span> </span><a href="#local-6989586621679163870"><span class="hs-identifier hs-type">s</span></a><span> </span><span class="hs-identifier hs-type">TermToken</span><span> </span><span class="hs-glyph">-&gt;</span><span> </span><span class="hs-identifier hs-type">ST.Lazy.ST</span><span> </span><a href="#local-6989586621679163870"><span class="hs-identifier hs-type">s</span></a><span> </span><span class="hs-identifier hs-type">FlatTerm</span><span>
</span><a name="line-113"></a><span>    </span><a name="local-6989586621679163767"><a href="#local-6989586621679163767"><span class="hs-identifier">collectOutput</span></a></a><span> </span><span class="hs-special">(</span><span class="hs-identifier hs-var">CBOR.Fail</span><span> </span><span class="hs-identifier">_</span><span> </span><span class="hs-identifier">_</span><span> </span><a name="local-6989586621679163874"><a href="#local-6989586621679163874"><span class="hs-identifier">err</span></a></a><span class="hs-special">)</span><span> </span><span class="hs-glyph">=</span><span> </span><span class="hs-identifier hs-var">fail</span><span> </span><span class="hs-operator hs-var">$</span><span> </span><span class="hs-string">&quot;toFlatTerm: encodePreEncoded &quot;</span><span>
</span><a name="line-114"></a><span>                                            </span><span class="hs-operator hs-var">++</span><span> </span><span class="hs-string">&quot;used with invalid CBOR: &quot;</span><span>
</span><a name="line-115"></a><span>                                            </span><span class="hs-operator hs-var">++</span><span> </span><span class="hs-identifier hs-var">show</span><span> </span><a href="#local-6989586621679163874"><span class="hs-identifier hs-var">err</span></a><span>
</span><a name="line-116"></a><span>    </span><span class="hs-identifier">collectOutput</span><span> </span><span class="hs-special">(</span><span class="hs-identifier hs-var">CBOR.Partial</span><span>    </span><a name="local-6989586621679163875"><a href="#local-6989586621679163875"><span class="hs-identifier">k</span></a></a><span class="hs-special">)</span><span> </span><span class="hs-glyph">=</span><span> </span><span class="hs-identifier hs-var">ST.Lazy.strictToLazyST</span><span> </span><span class="hs-special">(</span><a href="#local-6989586621679163875"><span class="hs-identifier hs-var">k</span></a><span> </span><span class="hs-identifier hs-var">Nothing</span><span class="hs-special">)</span><span>
</span><a name="line-117"></a><span>                                        </span><span class="hs-operator hs-var">&gt;&gt;=</span><span> </span><a href="#local-6989586621679163767"><span class="hs-identifier hs-var">collectOutput</span></a><span>
</span><a name="line-118"></a><span>    </span><span class="hs-identifier">collectOutput</span><span> </span><span class="hs-special">(</span><span class="hs-identifier hs-var">CBOR.Done</span><span> </span><a name="local-6989586621679163876"><a href="#local-6989586621679163876"><span class="hs-identifier">bs'</span></a></a><span> </span><span class="hs-identifier">_</span><span> </span><a name="local-6989586621679163877"><a href="#local-6989586621679163877"><span class="hs-identifier">x</span></a></a><span class="hs-special">)</span><span> </span><span class="hs-glyph">=</span><span> </span><span class="hs-keyword">do</span><span> </span><a name="local-6989586621679163878"><a href="#local-6989586621679163878"><span class="hs-identifier">xs</span></a></a><span> </span><span class="hs-glyph">&lt;-</span><span> </span><a href="#local-6989586621679163766"><span class="hs-identifier hs-var">provideInput</span></a><span> </span><a href="#local-6989586621679163876"><span class="hs-identifier hs-var">bs'</span></a><span>
</span><a name="line-119"></a><span>                                           </span><span class="hs-identifier hs-var">return</span><span> </span><span class="hs-special">(</span><a href="#local-6989586621679163877"><span class="hs-identifier hs-var">x</span></a><span> </span><span class="hs-glyph">:</span><span> </span><a href="#local-6989586621679163878"><span class="hs-identifier hs-var">xs</span></a><span class="hs-special">)</span><span>
</span><a name="line-120"></a><span>
</span><a name="line-121"></a></pre></body></html>